



USER TYPE Size: 64 bit-- -I ciccio -loop 10000000 -o GML/prova 
Input File : ciccio
Loop: 10000000
USER TYPE Size: 64 bit-- -I ciccio -loop 10000000 -o GML/prova 
Input File : ciccio
Loop: 10000000
Output File Set: GML/prova
PELCR (Parallel Environment for Lambda Calculus Optimal Reduction)
             C. Giuffrida, M. Pedicini, F. Quaglia 
                  IAC - CNR (Rome, 1996 - 2002)
USER TYPE Size: 64 bit-- -I ciccio -loop 10000000 -o GML/prova 
Input File : ciccio
Loop: 10000000
Output File Set: GML/prova
(2) EVAL
USER TYPE Size: 64 bit-- -I ciccio -loop 10000000 -o GML/prova 
Input File : ciccio
Loop: 10000000
Output File Set: GML/prova
(1) EVAL
Output File Set: GML/prova
(3) EVAL
(0) EVAL
(0) PELCR 10.0> (0) directory was set to pelcrexamples

 PELCR 10.0>  
(0) reading from file dd4.plcr
(0) filepointer [0x7ff858d77b18] to pelcrexamples/dd4.plcr
 PELCR 10.0> 
 PELCR 10.0> 
   found delta in the symbol-table
   found delta in the symbol-table
   found four in the symbol-table(0) sending initial graph termination signals (eot)
(0) initial network created
(0) n. of activated processes 4
(0) 2nd barrier - injecting the stream of actions corresponding to the parsed term
(1) 2nd barrier - injecting the stream of actions corresponding to the parsed term
(2) 2nd barrier - injecting the stream of actions corresponding to the parsed term
(3) 2nd barrier - injecting the stream of actions corresponding to the parsed term
(1) 3rd barrier - starting the distributed computing engine
(2) 3rd barrier - starting the distributed computing engine
(2) running...
(3) 3rd barrier - starting the distributed computing engine
(3) running...
(0) 3rd barrier - starting the distributed computing engine
(0) running...
(1) running...
(0) ...ending
(0) read back procedure call 
(0) ********** principal port address 0x7fb3c576dd70
(0) starting finalize 
(0) finished - collecting results
(0) elapsed time        :  28
(0) final nodes         :  395543
(0) combusted nodes     :  566619
(0) fires               :  561214
(0) trivial             :  2150 optimized
(0) family reductions   :  36
(0) loops               :  0
(0) computing loops     :  0
(0) idle loops          :  7207973 (7207972)
(0) listen loops        :  0
(0) received messages   :  255628
(0) unsuccessful tests  :  (eot 0), (add 0)
(0) dieflag             :  0
 (0) AVERAGE AGGREGATION in RECEIVED MESSAGES: 0005.4
 (0) TIMEOUT(max,min,delta) : 000500 000005 -010.0 0010.0
 (0) WINDOW(max,min,delta)  : 000200 000020 0002.0 -002.0
 (0) THRESHOLD(left,right)  : 0000.8 0000.8
 (0) FULLNESS COEFFICIENT   : 0000.0 (full physical messages 203)
SEND TO 1 : average timeout = 0022.8, average window = 0005.9 ,n. physical messages = 73528, n. applicative messages = 434711 
SEND TO 2 : average timeout = 0015.0, average window = 0004.6 ,n. physical messages = 103140, n. applicative messages = 473435 
SEND TO 3 : average timeout = 0014.7, average window = 0004.5 ,n. physical messages = 104887, n. applicative messages = 471845 

(0) show the local symbol table post term evaluation
(0) 	kindex  = -1 values-table is empty
(0) 	fcounter= -1 functions-table is empty
(0) 	findex  = -1 fdb-table f_db is empty
(0) 	term table is:
		2	0
		2	1
		1	0
		1	1
(0) EVAL
(1) ...ending
(1) read back procedure call 
(1) ********** principal port address 0x0
(1) starting finalize 
(1) finished - collecting results
(1) elapsed time        :  28
(1) final nodes         :  369406
(1) combusted nodes     :  543397
(1) fires               :  538781
(1) trivial             :  2062 optimized
(1) family reductions   :  13
(1) loops               :  0
(1) computing loops     :  0
(1) idle loops          :  4395791 (4395790)
(1) listen loops        :  0
(1) received messages   :  231216
(1) unsuccessful tests  :  (eot 0), (add 0)
(1) dieflag             :  0
 (1) AVERAGE AGGREGATION in RECEIVED MESSAGES: 0005.7
 (1) TIMEOUT(max,min,delta) : 000500 000005 -010.0 0010.0
 (1) WINDOW(max,min,delta)  : 000200 000020 0002.0 -002.0
 (1) THRESHOLD(left,right)  : 0000.8 0000.8
 (1) FULLNESS COEFFICIENT   : 0000.0 (full physical messages 149)
SEND TO 0 : average timeout = 0018.0, average window = 0005.2 ,n. physical messages = 84490, n. applicative messages = 439067 
SEND TO 2 : average timeout = 0014.5, average window = 0004.5 ,n. physical messages = 99873, n. applicative messages = 450782 
SEND TO 3 : average timeout = 0016.2, average window = 0004.8 ,n. physical messages = 93250, n. applicative messages = 449896 

(1) show the local symbol table post term evaluation
(1) 	kindex  = -1 values-table is empty
(1) 	fcounter= -1 functions-table is empty
(1) 	findex  = -1 fdb-table f_db is empty
(1) 	term table is:
		2	0
		2	1
		1	0
		1	1
(1) EVAL
(0) PELCR 10.0> (2) ...ending
(2) read back procedure call 
(2) ********** principal port address 0x0
(2) starting finalize 
(2) finished - collecting results
(2) elapsed time        :  28
(2) final nodes         :  405840
(2) combusted nodes     :  578611
(2) fires               :  573093
(2) trivial             :  2188 optimized
(2) family reductions   :  13
(2) loops               :  0
(2) computing loops     :  0
(2) idle loops          :  6103049 (6103050)
(2) listen loops        :  0
(2) received messages   :  314455
(2) unsuccessful tests  :  (eot 0), (add 0)
(2) dieflag             :  0
 (2) AVERAGE AGGREGATION in RECEIVED MESSAGES: 0004.5
 (2) TIMEOUT(max,min,delta) : 000500 000005 -010.0 0010.0
 (2) WINDOW(max,min,delta)  : 000200 000020 0002.0 -002.0
 (2) THRESHOLD(left,right)  : 0000.8 0000.8
 (2) FULLNESS COEFFICIENT   : 0000.0 (full physical messages 237)
SEND TO 0 : average timeout = 0014.7, average window = 0004.4 ,n. physical messages = 107037, n. applicative messages = 471875 
SEND TO 1 : average timeout = 0023.8, average window = 0006.0 ,n. physical messages = 74078, n. applicative messages = 444804 
SEND TO 3 : average timeout = 0014.4, average window = 0004.4 ,n. physical messages = 109295, n. applicative messages = 484752 

(2) show the local symbol table post term evaluation
(2) 	kindex  = -1 values-table is empty
(2) 	fcounter= -1 functions-table is empty
(2) 	findex  = -1 fdb-table f_db is empty
(2) 	term table is:
		2	0
		2	1
		1	0
		1	1
(2) EVAL
(3) ...ending
(3) read back procedure call 
(3) ********** principal port address 0x0
(3) starting finalize 
(3) finished - collecting results
(3) elapsed time        :  28
(3) final nodes         :  408994
(3) combusted nodes     :  580449
(3) fires               :  574657
(3) trivial             :  2326 optimized
(3) family reductions   :  10
(3) loops               :  0
(3) computing loops     :  0
(3) idle loops          :  6485983 (6485982)
(3) listen loops        :  0
(3) received messages   :  307432
(3) unsuccessful tests  :  (eot 0), (add 0)
(3) dieflag             :  0
 (3) AVERAGE AGGREGATION in RECEIVED MESSAGES: 0004.6
 (3) TIMEOUT(max,min,delta) : 000500 000005 -010.0 0010.0
 (3) WINDOW(max,min,delta)  : 000200 000020 0002.0 -002.0
 (3) THRESHOLD(left,right)  : 0000.8 0000.8
 (3) FULLNESS COEFFICIENT   : 0000.0 (full physical messages 644)
SEND TO 0 : average timeout = 0029.9, average window = 0007.3 ,n. physical messages = 64101, n. applicative messages = 470812 
SEND TO 1 : average timeout = 0020.4, average window = 0005.3 ,n. physical messages = 83610, n. applicative messages = 442055 
SEND TO 2 : average timeout = 0014.0, average window = 0004.3 ,n. physical messages = 111442, n. applicative messages = 483081 

(3) show the local symbol table post term evaluation
(3) 	kindex  = -1 values-table is empty
(3) 	fcounter= -1 functions-table is empty
(3) 	findex  = -1 fdb-table f_db is empty
(3) 	term table is:
		2	0
		2	1
		1	0
		1	1
(3) EVAL

(3) QUIT
(3) logging out -> enter mpi_finalize

(2) QUIT
(2) logging out -> enter mpi_finalize

(1) QUIT
(1) logging out -> enter mpi_finalize

(0) QUIT
(0) logging out -> enter mpi_finalize
(2) [OK] out from MPI
EXIT ...

(1) [OK] out from MPI
EXIT ...

(3) [OK] out from MPI
EXIT ...

(0) [OK] out from MPI
EXIT ...

