



USER TYPE Size: 64 bit-- -I ciccio -loop 10000000 -o GML/prova 
Input File : ciccio
Loop: 10000000
USER TYPE Size: 64 bit-- -I ciccio -loop 10000000 -o GML/prova 
Input File : ciccio
Loop: 10000000
Output File Set: GML/prova
USER TYPE Size: 64 bit-- -I ciccio -loop 10000000 -o GML/prova 
Input File : ciccio
Loop: 10000000
Output File Set: GML/prova
Output File Set: GML/prova
(2) EVAL
PELCR (Parallel Environment for Lambda Calculus Optimal Reduction)
             C. Giuffrida, M. Pedicini, F. Quaglia 
                  IAC - CNR (Rome, 1996 - 2002)
(0) EVAL
(1) EVAL
USER TYPE Size: 64 bit-- -I ciccio -loop 10000000 -o GML/prova 
Input File : ciccio
Loop: 10000000
Output File Set: GML/prova
(3) EVAL
(0) PELCR 10.0> (0) directory was set to pelcrexamples

 PELCR 10.0>  
(0) reading from file dd4.plcr
(0) filepointer [0x7ff858d77b18] to pelcrexamples/dd4.plcr
 PELCR 10.0> 
 PELCR 10.0> 
   found delta in the symbol-table
   found delta in the symbol-table
   found four in the symbol-table(0) sending initial graph termination signals (eot)
(0) initial network created
(0) n. of activated processes 4
(0) 2nd barrier - injecting the stream of actions corresponding to the parsed term
(1) 2nd barrier - injecting the stream of actions corresponding to the parsed term
(3) 2nd barrier - injecting the stream of actions corresponding to the parsed term
(2) 2nd barrier - injecting the stream of actions corresponding to the parsed term
(1) 3rd barrier - starting the distributed computing engine
(1) running...
(0) 3rd barrier - starting the distributed computing engine
(0) running...
(3) 3rd barrier - starting the distributed computing engine
(3) running...
(2) 3rd barrier - starting the distributed computing engine
(2) running...
(1) ...ending
(1) read back procedure call 
(1) ********** principal port address 0x0
(1) starting finalize 
(1) finished - collecting results
(1) elapsed time        :  29
(1) final nodes         :  386138
(1) combusted nodes     :  552434
(1) fires               :  547234
(1) trivial             :  2078 optimized
(1) family reductions   :  21
(1) loops               :  0
(1) computing loops     :  0
(1) idle loops          :  6799216 (6799217)
(1) listen loops        :  0
(1) received messages   :  255273
(1) unsuccessful tests  :  (eot 0), (add 0)
(1) dieflag             :  0
 (1) AVERAGE AGGREGATION in RECEIVED MESSAGES: 0005.3
 (1) TIMEOUT(max,min,delta) : 000500 000005 -010.0 0010.0
 (1) WINDOW(max,min,delta)  : 000200 000020 0002.0 -002.0
 (1) THRESHOLD(left,right)  : 0000.8 0000.8
 (1) FULLNESS COEFFICIENT   : 0000.0 (full physical messages 1278)
SEND TO 0 : average timeout = 0014.8, average window = 0004.4 ,n. physical messages = 99405, n. applicative messages = 435906 
SEND TO 2 : average timeout = 0031.6, average window = 0007.9 ,n. physical messages = 58053, n. applicative messages = 458141 
SEND TO 3 : average timeout = 0014.3, average window = 0004.4 ,n. physical messages = 104499, n. applicative messages = 456192 

(1) show the local symbol table post term evaluation
(1) 	kindex  = -1 values-table is empty
(1) 	fcounter= -1 functions-table is empty
(1) 	findex  = -1 fdb-table f_db is empty
(1) 	term table is:
		2	0
		2	1
		1	0
		1	1
(1) EVAL
(0) ...ending
(0) read back procedure call 
(0) ********** principal port address 0x7fbcaff33420
(0) starting finalize 
(0) finished - collecting results
(0) elapsed time        :  29
(0) final nodes         :  385075
(0) combusted nodes     :  558227
(0) fires               :  553232
(0) trivial             :  2078 optimized
(0) family reductions   :  25
(0) loops               :  0
(0) computing loops     :  0
(0) idle loops          :  6476639 (6476638)
(0) listen loops        :  0
(0) received messages   :  277208
(0) unsuccessful tests  :  (eot 0), (add 0)
(0) dieflag             :  0
 (0) AVERAGE AGGREGATION in RECEIVED MESSAGES: 0004.9
 (0) TIMEOUT(max,min,delta) : 000500 000005 -010.0 0010.0
 (0) WINDOW(max,min,delta)  : 000200 000020 0002.0 -002.0
 (0) THRESHOLD(left,right)  : 0000.8 0000.8
 (0) FULLNESS COEFFICIENT   : 0000.0 (full physical messages 122)
SEND TO 1 : average timeout = 0016.6, average window = 0004.7 ,n. physical messages = 92965, n. applicative messages = 440635 
SEND TO 2 : average timeout = 0016.5, average window = 0004.9 ,n. physical messages = 94772, n. applicative messages = 460723 
SEND TO 3 : average timeout = 0013.3, average window = 0004.2 ,n. physical messages = 109525, n. applicative messages = 461011 

(0) show the local symbol table post term evaluation
(0) 	kindex  = -1 values-table is empty
(0) 	fcounter= -1 functions-table is empty
(0) 	findex  = -1 fdb-table f_db is empty
(0) 	term table is:
		2	0
		2	1
		1	0
		1	1
(0) EVAL
(0) PELCR 10.0> (2) ...ending
(2) read back procedure call 
(2) ********** principal port address 0x0
(2) starting finalize 
(2) finished - collecting results
(2) elapsed time        :  29
(2) final nodes         :  405263
(2) combusted nodes     :  578212
(2) fires               :  572696
(2) trivial             :  2238 optimized
(2) family reductions   :  7
(2) loops               :  0
(2) computing loops     :  0
(2) idle loops          :  6249057 (6249056)
(2) listen loops        :  0
(2) received messages   :  259846
(2) unsuccessful tests  :  (eot 0), (add 0)
(2) dieflag             :  0
 (2) AVERAGE AGGREGATION in RECEIVED MESSAGES: 0005.4
 (2) TIMEOUT(max,min,delta) : 000500 000005 -010.0 0010.0
 (2) WINDOW(max,min,delta)  : 000200 000020 0002.0 -002.0
 (2) THRESHOLD(left,right)  : 0000.8 0000.8
 (2) FULLNESS COEFFICIENT   : 0000.0 (full physical messages 666)
SEND TO 0 : average timeout = 0022.9, average window = 0006.0 ,n. physical messages = 76942, n. applicative messages = 458369 
SEND TO 1 : average timeout = 0023.2, average window = 0006.1 ,n. physical messages = 74892, n. applicative messages = 453764 
SEND TO 3 : average timeout = 0019.2, average window = 0005.4 ,n. physical messages = 88363, n. applicative messages = 478669 

(2) show the local symbol table post term evaluation
(2) 	kindex  = -1 values-table is empty
(2) 	fcounter= -1 functions-table is empty
(2) 	findex  = -1 fdb-table f_db is empty
(2) 	term table is:
		2	0
		2	1
		1	0
		1	1
(2) EVAL
(3) ...ending
(3) read back procedure call 
(3) ********** principal port address 0x0
(3) starting finalize 
(3) finished - collecting results
(3) elapsed time        :  29
(3) final nodes         :  403231
(3) combusted nodes     :  580232
(3) fires               :  574583
(3) trivial             :  2361 optimized
(3) family reductions   :  19
(3) loops               :  0
(3) computing loops     :  0
(3) idle loops          :  5431287 (5431286)
(3) listen loops        :  0
(3) received messages   :  302387
(3) unsuccessful tests  :  (eot 0), (add 0)
(3) dieflag             :  0
 (3) AVERAGE AGGREGATION in RECEIVED MESSAGES: 0004.6
 (3) TIMEOUT(max,min,delta) : 000500 000005 -010.0 0010.0
 (3) WINDOW(max,min,delta)  : 000200 000020 0002.0 -002.0
 (3) THRESHOLD(left,right)  : 0000.8 0000.8
 (3) FULLNESS COEFFICIENT   : 0000.0 (full physical messages 168)
SEND TO 0 : average timeout = 0015.8, average window = 0004.6 ,n. physical messages = 100861, n. applicative messages = 460216 
SEND TO 1 : average timeout = 0019.2, average window = 0005.3 ,n. physical messages = 87416, n. applicative messages = 459557 
SEND TO 2 : average timeout = 0014.7, average window = 0004.5 ,n. physical messages = 107021, n. applicative messages = 477421 

(3) show the local symbol table post term evaluation
(3) 	kindex  = -1 values-table is empty
(3) 	fcounter= -1 functions-table is empty
(3) 	findex  = -1 fdb-table f_db is empty
(3) 	term table is:
		2	0
		2	1
		1	0
		1	1
(3) EVAL

(0) QUIT
(0) logging out -> enter mpi_finalize

(1) QUIT
(1) logging out -> enter mpi_finalize

(3) QUIT
(3) logging out -> enter mpi_finalize

(2) QUIT
(2) logging out -> enter mpi_finalize
(2) [OK] out from MPI
EXIT ...

(0) [OK] out from MPI
EXIT ...

(1) [OK] out from MPI
EXIT ...

(3) [OK] out from MPI
EXIT ...

