



USER TYPE Size: 64 bit-- -I ciccio -loop 10000000 -o GML/prova 
Input File : ciccio
Loop: 10000000
USER TYPE Size: 64 bit-- -I ciccio -loop 10000000 -o GML/prova 
Input File : ciccio
Loop: 10000000
USER TYPE Size: 64 bit-- -I ciccio -loop 10000000 -o GML/prova 
Input File : ciccio
Loop: 10000000
USER TYPE Size: 64 bit-- -I ciccio -loop 10000000 -o GML/prova 
Input File : ciccio
Loop: 10000000
Output File Set: GML/prova
Output File Set: GML/prova
Output File Set: GML/prova
Output File Set: GML/prova
(2) EVAL
(3) EVAL
PELCR (Parallel Environment for Lambda Calculus Optimal Reduction)
             C. Giuffrida, M. Pedicini, F. Quaglia 
                  IAC - CNR (Rome, 1996 - 2002)
(0) EVAL
(1) EVAL
(0) PELCR 10.0> (0) directory was set to pelcrexamples

 PELCR 10.0>  
(0) reading from file dd4.plcr
(0) filepointer [0x7ff851e6bb18] to pelcrexamples/dd4.plcr
 PELCR 10.0> 
 PELCR 10.0> 
   found delta in the symbol-table
   found delta in the symbol-table
   found four in the symbol-table(0) sending initial graph termination signals (eot)
(0) initial network created
(0) n. of activated processes 4
(1) 2nd barrier - injecting the stream of actions corresponding to the parsed term
(3) 2nd barrier - injecting the stream of actions corresponding to the parsed term
(0) 2nd barrier - injecting the stream of actions corresponding to the parsed term
(2) 2nd barrier - injecting the stream of actions corresponding to the parsed term
(3) 3rd barrier - starting the distributed computing engine
(3) running...
(1) 3rd barrier - starting the distributed computing engine
(1) running...
(0) 3rd barrier - starting the distributed computing engine
(0) running...
(2) 3rd barrier - starting the distributed computing engine
(2) running...
(0) ...ending
(0) read back procedure call 
(0) ********** principal port address 0x7f9ded50b2c0
(0) starting finalize 
(0) finished - collecting results
(0) elapsed time        :  30
(0) final nodes         :  393107
(0) combusted nodes     :  563657
(0) fires               :  558180
(0) trivial             :  2270 optimized
(0) family reductions   :  35
(0) loops               :  0
(0) computing loops     :  0
(0) idle loops          :  5354473 (5354472)
(0) listen loops        :  0
(0) received messages   :  284321
(0) unsuccessful tests  :  (eot 0), (add 0)
(0) dieflag             :  0
 (0) AVERAGE AGGREGATION in RECEIVED MESSAGES: 0004.8
 (0) TIMEOUT(max,min,delta) : 000500 000005 -010.0 0010.0
 (0) WINDOW(max,min,delta)  : 000200 000020 0002.0 -002.0
 (0) THRESHOLD(left,right)  : 0000.8 0000.8
 (0) FULLNESS COEFFICIENT   : 0000.0 (full physical messages 164)
SEND TO 1 : average timeout = 0016.4, average window = 0004.8 ,n. physical messages = 95472, n. applicative messages = 462386 
SEND TO 2 : average timeout = 0016.5, average window = 0004.8 ,n. physical messages = 94975, n. applicative messages = 452989 
SEND TO 3 : average timeout = 0016.9, average window = 0004.9 ,n. physical messages = 92904, n. applicative messages = 454515 

(0) show the local symbol table post term evaluation
(0) 	kindex  = -1 values-table is empty
(0) 	fcounter= -1 functions-table is empty
(0) 	findex  = -1 fdb-table f_db is empty
(0) 	term table is:
		2	0
		2	1
		1	0
		1	1
(0) EVAL
(0) PELCR 10.0> (1) ...ending
(1) read back procedure call 
(1) ********** principal port address 0x0
(1) starting finalize 
(1) finished - collecting results
(1) elapsed time        :  30
(1) final nodes         :  399299
(1) combusted nodes     :  576561
(1) fires               :  571031
(1) trivial             :  2140 optimized
(1) family reductions   :  22
(1) loops               :  0
(1) computing loops     :  0
(1) idle loops          :  4245841 (4245840)
(1) listen loops        :  0
(1) received messages   :  289613
(1) unsuccessful tests  :  (eot 0), (add 0)
(1) dieflag             :  0
 (1) AVERAGE AGGREGATION in RECEIVED MESSAGES: 0004.8
 (1) TIMEOUT(max,min,delta) : 000500 000005 -010.0 0010.0
 (1) WINDOW(max,min,delta)  : 000200 000020 0002.0 -002.0
 (1) THRESHOLD(left,right)  : 0000.8 0000.8
 (1) FULLNESS COEFFICIENT   : 0000.0 (full physical messages 260)
SEND TO 0 : average timeout = 0022.5, average window = 0006.1 ,n. physical messages = 76104, n. applicative messages = 463873 
SEND TO 2 : average timeout = 0017.3, average window = 0005.0 ,n. physical messages = 93317, n. applicative messages = 468518 
SEND TO 3 : average timeout = 0015.0, average window = 0004.5 ,n. physical messages = 103068, n. applicative messages = 465031 

(1) show the local symbol table post term evaluation
(1) 	kindex  = -1 values-table is empty
(1) 	fcounter= -1 functions-table is empty
(1) 	findex  = -1 fdb-table f_db is empty
(1) 	term table is:
		2	0
		2	1
		1	0
		1	1
(1) EVAL
(3) ...ending
(3) read back procedure call 
(3) ********** principal port address 0x0
(3) starting finalize 
(3) finished - collecting results
(3) elapsed time        :  30
(3) final nodes         :  395153
(3) combusted nodes     :  564476
(3) fires               :  559194
(3) trivial             :  2124 optimized
(3) family reductions   :  6
(3) loops               :  0
(3) computing loops     :  0
(3) idle loops          :  4203306 (4203306)
(3) listen loops        :  0
(3) received messages   :  275318
(3) unsuccessful tests  :  (eot 0), (add 0)
(3) dieflag             :  0
 (3) AVERAGE AGGREGATION in RECEIVED MESSAGES: 0005.0
 (3) TIMEOUT(max,min,delta) : 000500 000005 -010.0 0010.0
 (3) WINDOW(max,min,delta)  : 000200 000020 0002.0 -002.0
 (3) THRESHOLD(left,right)  : 0000.8 0000.8
 (3) FULLNESS COEFFICIENT   : 0000.0 (full physical messages 235)
SEND TO 0 : average timeout = 0014.1, average window = 0004.3 ,n. physical messages = 106200, n. applicative messages = 453766 
SEND TO 1 : average timeout = 0015.5, average window = 0004.6 ,n. physical messages = 99699, n. applicative messages = 462490 
SEND TO 2 : average timeout = 0021.0, average window = 0005.7 ,n. physical messages = 79283, n. applicative messages = 455781 

(3) show the local symbol table post term evaluation
(3) 	kindex  = -1 values-table is empty
(3) 	fcounter= -1 functions-table is empty
(3) 	findex  = -1 fdb-table f_db is empty
(3) 	term table is:
		2	0
		2	1
		1	0
		1	1
(3) EVAL
(2) ...ending
(2) read back procedure call 
(2) ********** principal port address 0x0
(2) starting finalize 
(2) finished - collecting results
(2) elapsed time        :  30
(2) final nodes         :  392179
(2) combusted nodes     :  564269
(2) fires               :  559340
(2) trivial             :  2079 optimized
(2) family reductions   :  9
(2) loops               :  0
(2) computing loops     :  0
(2) idle loops          :  3403664 (3403747)
(2) listen loops        :  0
(2) received messages   :  267575
(2) unsuccessful tests  :  (eot 0), (add 0)
(2) dieflag             :  0
 (2) AVERAGE AGGREGATION in RECEIVED MESSAGES: 0005.1
 (2) TIMEOUT(max,min,delta) : 000500 000005 -010.0 0010.0
 (2) WINDOW(max,min,delta)  : 000200 000020 0002.0 -002.0
 (2) THRESHOLD(left,right)  : 0000.8 0000.8
 (2) FULLNESS COEFFICIENT   : 0000.0 (full physical messages 269)
SEND TO 0 : average timeout = 0014.7, average window = 0004.4 ,n. physical messages = 102017, n. applicative messages = 453632 
SEND TO 1 : average timeout = 0016.6, average window = 0005.0 ,n. physical messages = 94442, n. applicative messages = 468897 
SEND TO 3 : average timeout = 0020.8, average window = 0005.8 ,n. physical messages = 79346, n. applicative messages = 456759 

(2) show the local symbol table post term evaluation
(2) 	kindex  = -1 values-table is empty
(2) 	fcounter= -1 functions-table is empty
(2) 	findex  = -1 fdb-table f_db is empty
(2) 	term table is:
		2	0
		2	1
		1	0
		1	1
(2) EVAL

(1) QUIT
(1) logging out -> enter mpi_finalize

(2) QUIT
(2) logging out -> enter mpi_finalize

(3) QUIT
(3) logging out -> enter mpi_finalize

(0) QUIT
(0) logging out -> enter mpi_finalize
(1) [OK] out from MPI
EXIT ...

(0) [OK] out from MPI
EXIT ...

(3) [OK] out from MPI
EXIT ...

(2) [OK] out from MPI
EXIT ...

