
USER TYPE Size: 64 bit-- -I ciccio -loop 10000000 -o GML/prova 
Input File : ciccio
Loop: 10000000
Output File Set: GML/prova
PELCR (Parallel Environment for Lambda Calculus Optimal Reduction)
             C. Giuffrida, M. Pedicini, F. Quaglia 
                  IAC - CNR (Rome, 1996 - 2002)
(0) EVAL
(0) PELCR 10.0> (0) directory was set to pelcrexamples

 PELCR 10.0>  
(0) reading from file dd4.plcr
(0) filepointer [0x7ff844843b18] to pelcrexamples/dd4.plcr
 PELCR 10.0> 
 PELCR 10.0> 
   found delta in the symbol-table
   found delta in the symbol-table
   found four in the symbol-table(0) sending initial graph termination signals (eot)
(0) initial network created
(0) n. of activated processes 1
(0) 2nd barrier - injecting the stream of actions corresponding to the parsed term
(0) 3rd barrier - starting the distributed computing engine
(0) running...
(0) ...ending
(0) read back procedure call 
(0) ********** principal port address 0x7f8cde1043e0
(0) starting finalize 
(0) finished - collecting results
(0) elapsed time        :  204
(0) final nodes         :  1581245
(0) combusted nodes     :  2269161
(0) fires               :  2247745
(0) trivial             :  8811 optimized
(0) family reductions   :  72
(0) loops               :  0
(0) computing loops     :  0
(0) idle loops          :  -7408112 (-7408113)
(0) listen loops        :  0
(0) received messages   :  0
(0) unsuccessful tests  :  (eot 0), (add 0)
(0) dieflag             :  0
 (0) AVERAGE AGGREGATION in RECEIVED MESSAGES:    nan
 (0) TIMEOUT(max,min,delta) : 000500 000005 -010.0 0010.0
 (0) WINDOW(max,min,delta)  : 000200 000020 0002.0 -002.0
 (0) THRESHOLD(left,right)  : 0000.8 0000.8
 (0) FULLNESS COEFFICIENT   :    nan (full physical messages 0)

(0) show the local symbol table post term evaluation
(0) 	kindex  = -1 values-table is empty
(0) 	fcounter= -1 functions-table is empty
(0) 	findex  = -1 fdb-table f_db is empty
(0) 	term table is:
		2	0
		2	1
		1	0
		1	1
(0) EVAL
(0) PELCR 10.0> 
(0) QUIT
(0) logging out -> enter mpi_finalize
(0) [OK] out from MPI
EXIT ...

